<html>
<body>
<pre>
<h1>礦ision Build Log</h1>
<h2>Project:</h2>
C:\Users\雷栗\Desktop\实验36 FATFS实验\USER\FATFS.uvprojx
Project File Date:  07/18/2019

<h2>Output:</h2>
Build target 'FATFS'
compiling main.c...
main.c(48): warning:  #181-D: argument is incompatible with corresponding format string conversion
                printf("%s\r\n",res);
main.c(16): warning:  #177-D: variable "total" was declared but never referenced
        u32 total,free;
main.c(16): warning:  #177-D: variable "free" was declared but never referenced
        u32 total,free;
main.c(17): warning:  #177-D: variable "t" was declared but never referenced
        u8 t=0; 
main.c(18): warning:  #177-D: variable "key" was declared but never referenced
    u8 key;
main.c: 5 warnings, 0 errors
linking...
Program Size: Code=62284 RO-data=186648 RW-data=628 ZI-data=50296  
FromELF: creating hex file...
"..\OBJ\FATFS.axf" - 0 Error(s), 5 Warning(s).
</pre>
</body>
</html>

Set JLink Project File to "C:\Users\雷栗\Desktop\实验36 FATFS实验\USER\JLinkSettings.ini"
* JLink Info: Device "STM32F103ZE" selected (512 KB flash, 64 KB RAM).
 
JLink info:
------------
DLL: V4.80g, compiled Feb 13 2014 20:50:02
Firmware: J-Link ARM V8 compiled Nov 28 2014 13:44:46
Hardware: V8.00
Feature(s) : RDI,FlashDL,FlashBP,JFlash,GDB 
 
* JLink Info: TotalIRLen = 9, IRPrint = 0x0011
* JLink Info: TotalIRLen = 9, IRPrint = 0x0011
* JLink Info: Found Cortex-M3 r1p1, Little endian.
* JLink Info: FPUnit: 6 code (BP) slots and 2 literal slots
* JLink Info: TPIU fitted.
* JLink Info: ETM fitted.
ROMTableAddr = 0xE00FF003
 
Target info:
------------
Device: STM32F103ZE
VTarget = 3.267V
State of Pins: 
TCK: 1, TDI: 0, TDO: 1, TMS: 0, TRES: 1, TRST: 1
Hardware-Breakpoints: 6
Software-Breakpoints: 8192
Watchpoints:          4
JTAG speed: 4800 kHz
 
Erase Done.
***JLink Error: Can not read register 0 (R0) while CPU is running
***JLink Error: Can not read register 1 (R1) while CPU is running
***JLink Error: Can not read register 2 (R2) while CPU is running
***JLink Error: Can not read register 3 (R3) while CPU is running
***JLink Error: Can not read register 4 (R4) while CPU is running
***JLink Error: Can not read register 5 (R5) while CPU is running
***JLink Error: Can not read register 6 (R6) while CPU is running
Programming Done.
Verify OK.

1p1, Little endian.
* JLink Info: FPUnit: 6 code (BP) slots and 2 literal slots
* JLink Info: TPIU fitted.
* JLink Info: ETM fitted.
ROMTableAddr = 0xE00FF003
 
Target info:
------------
Device: STM32F103ZE
VTarget = 3.267V
State of Pins: 
TCK: 1, TDI: 0, TDO: 1, TMS: 0, TRES: 1, TRST: 1
Hardware-Breakpoints: 6
Software-Breakpoints: 8192
Watchpoints:          4
JTAG speed: 4800 kHz
 
Erase Done.
Programming Done.
Verify OK.
